// Jest Snapshot v1, https://goo.gl/fbAQLP

exports[`block offending rule 1`] = `
Array [
  Object {
    "column": 1,
    "line": 6,
    "ruleId": "lodash/import-scope",
    "severity": 2,
  },
  Object {
    "column": 10,
    "line": 6,
    "ruleId": "no-unused-vars",
    "severity": 2,
  },
  Object {
    "column": 10,
    "line": 12,
    "ruleId": "react/no-unused-prop-types",
    "severity": 1,
  },
  Object {
    "column": 10,
    "line": 19,
    "ruleId": "react/no-unused-prop-types",
    "severity": 1,
  },
  Object {
    "column": 16,
    "line": 23,
    "ruleId": "flowtype/require-parameter-type",
    "severity": 1,
  },
  Object {
    "column": 10,
    "line": 25,
    "ruleId": "react/react-in-jsx-scope",
    "severity": 2,
  },
  Object {
    "column": 7,
    "line": 31,
    "ruleId": "no-unused-vars",
    "severity": 2,
  },
  Object {
    "column": 10,
    "line": 35,
    "ruleId": "react/react-in-jsx-scope",
    "severity": 2,
  },
  Object {
    "column": 33,
    "line": 35,
    "ruleId": "react/prop-types",
    "severity": 1,
  },
  Object {
    "column": 21,
    "line": 40,
    "ruleId": "no-undef",
    "severity": 2,
  },
  Object {
    "column": 14,
    "line": 46,
    "ruleId": "flowtype/require-parameter-type",
    "severity": 1,
  },
  Object {
    "column": 20,
    "line": 46,
    "ruleId": "no-empty-function",
    "severity": 2,
  },
  Object {
    "column": 7,
    "line": 55,
    "ruleId": "react/react-in-jsx-scope",
    "severity": 2,
  },
  Object {
    "column": 27,
    "line": 55,
    "ruleId": "react/jsx-handler-names",
    "severity": 2,
  },
  Object {
    "column": 1,
    "line": 63,
    "ruleId": "no-var",
    "severity": 2,
  },
  Object {
    "column": 5,
    "line": 67,
    "ruleId": "prefer-const",
    "severity": 2,
  },
  Object {
    "column": 3,
    "line": 70,
    "ruleId": "object-shorthand",
    "severity": 1,
  },
  Object {
    "column": 3,
    "line": 78,
    "ruleId": "func-names",
    "severity": 2,
  },
  Object {
    "column": 3,
    "line": 78,
    "ruleId": "prefer-arrow-callback",
    "severity": 2,
  },
  Object {
    "column": 12,
    "line": 80,
    "ruleId": "react/react-in-jsx-scope",
    "severity": 2,
  },
  Object {
    "column": 3,
    "line": 82,
    "ruleId": "flowtype/require-parameter-type",
    "severity": 1,
  },
  Object {
    "column": 10,
    "line": 88,
    "ruleId": "flowtype/require-parameter-type",
    "severity": 1,
  },
  Object {
    "column": 15,
    "line": 88,
    "ruleId": "flowtype/require-parameter-type",
    "severity": 1,
  },
  Object {
    "column": 1,
    "line": 97,
    "ruleId": "no-console",
    "severity": 1,
  },
  Object {
    "column": 10,
    "line": 99,
    "ruleId": "no-unused-vars",
    "severity": 2,
  },
  Object {
    "column": 14,
    "line": 99,
    "ruleId": "flowtype/require-parameter-type",
    "severity": 1,
  },
  Object {
    "column": 5,
    "line": 102,
    "ruleId": "react-hooks/rules-of-hooks",
    "severity": 2,
  },
  Object {
    "column": 35,
    "line": 106,
    "ruleId": "react-hooks/exhaustive-deps",
    "severity": 1,
  },
]
`;
